src/routes/userRoutes.ts(18,24): error TS2769: No overload matches this call.
  The last overload gave the following error.
    Argument of type '(req: Request, res: Response, next: NextFunction) => Promise<Response<any, Record<string, any>> | undefined>' is not assignable to parameter of type 'RequestHandlerParams<ParamsDictionary, any, any, ParsedQs, Record<string, any>>'.
      Type '(req: Request, res: Response, next: NextFunction) => Promise<Response<any, Record<string, any>> | undefined>' is not assignable to type 'RequestHandler<ParamsDictionary, any, any, ParsedQs, Record<string, any>>'.
        Type 'Promise<Response<any, Record<string, any>> | undefined>' is not assignable to type 'void | Promise<void>'.
          Type 'Promise<Response<any, Record<string, any>> | undefined>' is not assignable to type 'Promise<void>'.
            Type 'Response<any, Record<string, any>> | undefined' is not assignable to type 'void'.
              Type 'Response<any, Record<string, any>>' is not assignable to type 'void'.
src/routes/userRoutes.ts(19,24): error TS2769: No overload matches this call.
  The last overload gave the following error.
    Argument of type '(req: Request, res: Response, next: NextFunction) => Promise<Response<any, Record<string, any>> | undefined>' is not assignable to parameter of type 'RequestHandlerParams<ParamsDictionary, any, any, ParsedQs, Record<string, any>>'.
      Type '(req: Request, res: Response, next: NextFunction) => Promise<Response<any, Record<string, any>> | undefined>' is not assignable to type 'RequestHandler<ParamsDictionary, any, any, ParsedQs, Record<string, any>>'.
        Type 'Promise<Response<any, Record<string, any>> | undefined>' is not assignable to type 'void | Promise<void>'.
          Type 'Promise<Response<any, Record<string, any>> | undefined>' is not assignable to type 'Promise<void>'.
            Type 'Response<any, Record<string, any>> | undefined' is not assignable to type 'void'.
              Type 'Response<any, Record<string, any>>' is not assignable to type 'void'.
src/routes/whiteboardRoutes.ts(16,12): error TS2769: No overload matches this call.
  The last overload gave the following error.
    Argument of type '(req: Request, res: Response, next: NextFunction) => Promise<Response<any, Record<string, any>> | undefined>' is not assignable to parameter of type 'PathParams'.
src/routes/whiteboardRoutes.ts(23,8): error TS2769: No overload matches this call.
  The last overload gave the following error.
    Argument of type '(req: Request, res: Response) => Promise<Response<any, Record<string, any>> | undefined>' is not assignable to parameter of type 'RequestHandlerParams<ParamsDictionary, any, any, ParsedQs, Record<string, any>>'.
      Type '(req: Request, res: Response) => Promise<Response<any, Record<string, any>> | undefined>' is not assignable to type 'RequestHandler<ParamsDictionary, any, any, ParsedQs, Record<string, any>>'.
        Type 'Promise<Response<any, Record<string, any>> | undefined>' is not assignable to type 'void | Promise<void>'.
          Type 'Promise<Response<any, Record<string, any>> | undefined>' is not assignable to type 'Promise<void>'.
            Type 'Response<any, Record<string, any>> | undefined' is not assignable to type 'void'.
              Type 'Response<any, Record<string, any>>' is not assignable to type 'void'.
src/routes/whiteboardRoutes.ts(24,8): error TS2769: No overload matches this call.
  The last overload gave the following error.
    Argument of type '(req: Request, res: Response) => Promise<Response<any, Record<string, any>> | undefined>' is not assignable to parameter of type 'RequestHandlerParams<ParamsDictionary, any, any, ParsedQs, Record<string, any>>'.
      Type '(req: Request, res: Response) => Promise<Response<any, Record<string, any>> | undefined>' is not assignable to type 'RequestHandler<ParamsDictionary, any, any, ParsedQs, Record<string, any>>'.
        Type 'Promise<Response<any, Record<string, any>> | undefined>' is not assignable to type 'void | Promise<void>'.
          Type 'Promise<Response<any, Record<string, any>> | undefined>' is not assignable to type 'Promise<void>'.
            Type 'Response<any, Record<string, any>> | undefined' is not assignable to type 'void'.
              Type 'Response<any, Record<string, any>>' is not assignable to type 'void'.
src/routes/whiteboardRoutes.ts(25,11): error TS2769: No overload matches this call.
  The last overload gave the following error.
    Argument of type '(req: Request, res: Response) => Promise<Response<any, Record<string, any>> | undefined>' is not assignable to parameter of type 'RequestHandlerParams<ParamsDictionary, any, any, ParsedQs, Record<string, any>>'.
      Type '(req: Request, res: Response) => Promise<Response<any, Record<string, any>> | undefined>' is not assignable to type 'RequestHandler<ParamsDictionary, any, any, ParsedQs, Record<string, any>>'.
        Type 'Promise<Response<any, Record<string, any>> | undefined>' is not assignable to type 'void | Promise<void>'.
          Type 'Promise<Response<any, Record<string, any>> | undefined>' is not assignable to type 'Promise<void>'.
            Type 'Response<any, Record<string, any>> | undefined' is not assignable to type 'void'.
              Type 'Response<any, Record<string, any>>' is not assignable to type 'void'.
src/routes/whiteboardRoutes.ts(28,9): error TS2769: No overload matches this call.
  The last overload gave the following error.
    Argument of type '(req: Request, res: Response) => Promise<Response<any, Record<string, any>> | undefined>' is not assignable to parameter of type 'RequestHandlerParams<ParamsDictionary, any, any, ParsedQs, Record<string, any>>'.
      Type '(req: Request, res: Response) => Promise<Response<any, Record<string, any>> | undefined>' is not assignable to type 'RequestHandler<ParamsDictionary, any, any, ParsedQs, Record<string, any>>'.
        Type 'Promise<Response<any, Record<string, any>> | undefined>' is not assignable to type 'void | Promise<void>'.
          Type 'Promise<Response<any, Record<string, any>> | undefined>' is not assignable to type 'Promise<void>'.
            Type 'Response<any, Record<string, any>> | undefined' is not assignable to type 'void'.
              Type 'Response<any, Record<string, any>>' is not assignable to type 'void'.
src/routes/whiteboardRoutes.ts(31,11): error TS2769: No overload matches this call.
  The last overload gave the following error.
    Argument of type '(req: Request, res: Response) => Promise<Response<any, Record<string, any>> | undefined>' is not assignable to parameter of type 'RequestHandlerParams<ParamsDictionary, any, any, ParsedQs, Record<string, any>>'.
      Type '(req: Request, res: Response) => Promise<Response<any, Record<string, any>> | undefined>' is not assignable to type 'RequestHandler<ParamsDictionary, any, any, ParsedQs, Record<string, any>>'.
        Type 'Promise<Response<any, Record<string, any>> | undefined>' is not assignable to type 'void | Promise<void>'.
          Type 'Promise<Response<any, Record<string, any>> | undefined>' is not assignable to type 'Promise<void>'.
            Type 'Response<any, Record<string, any>> | undefined' is not assignable to type 'void'.
              Type 'Response<any, Record<string, any>>' is not assignable to type 'void'.
